MPLINK 5.09, LINKER
Linker Map File - Created Tue Apr 14 09:29:41 2026

                                 Section Info
                  Section       Type    Address   Location Size(Bytes)
                ---------  ---------  ---------  ---------  ---------
                   .org_0       code   0x000000    program   0x000002
                   .cinit    romdata   0x000001    program   0x000004
                   .org_1       code   0x000004    program   0x000038
.config_2007_BUILD/DEFAULT/PRODUCTION/MAIN.O       code   0x002007    program   0x000002



                              Program Memory Usage 
                               Start         End      
                           ---------   ---------      
                            0x000000    0x000002      
                            0x000004    0x00001f      
                            0x002007    0x002007      
            32 out of 1094 program addresses used, program memory utilization is 2%



                              Symbols - Sorted by Name
                     Name    Address   Location    Storage File                     
                ---------  ---------  ---------  --------- ---------                
              DELAY_500uS   0x000010    program     static C:\school\CPEG228\LAB7\LAB7.X\MAIN.asm
                     L1MS   0x000012    program     static C:\school\CPEG228\LAB7\LAB7.X\MAIN.asm
                     L2MS   0x000014    program     static C:\school\CPEG228\LAB7\LAB7.X\MAIN.asm
                     L3MS   0x000016    program     static C:\school\CPEG228\LAB7\LAB7.X\MAIN.asm
                     MAIN   0x00000b    program     static C:\school\CPEG228\LAB7\LAB7.X\MAIN.asm
                  SETPORT   0x000007    program     static C:\school\CPEG228\LAB7\LAB7.X\MAIN.asm
                    SETUP   0x000005    program     static C:\school\CPEG228\LAB7\LAB7.X\MAIN.asm



                              Symbols - Sorted by Address
                     Name    Address   Location    Storage File                     
                ---------  ---------  ---------  --------- ---------                
                    SETUP   0x000005    program     static C:\school\CPEG228\LAB7\LAB7.X\MAIN.asm
                  SETPORT   0x000007    program     static C:\school\CPEG228\LAB7\LAB7.X\MAIN.asm
                     MAIN   0x00000b    program     static C:\school\CPEG228\LAB7\LAB7.X\MAIN.asm
              DELAY_500uS   0x000010    program     static C:\school\CPEG228\LAB7\LAB7.X\MAIN.asm
                     L1MS   0x000012    program     static C:\school\CPEG228\LAB7\LAB7.X\MAIN.asm
                     L2MS   0x000014    program     static C:\school\CPEG228\LAB7\LAB7.X\MAIN.asm
                     L3MS   0x000016    program     static C:\school\CPEG228\LAB7\LAB7.X\MAIN.asm


