MPLINK 5.09, LINKER
Linker Map File - Created Tue Apr 14 10:22:13 2026

                                 Section Info
                  Section       Type    Address   Location Size(Bytes)
                ---------  ---------  ---------  ---------  ---------
                   .org_0       code   0x000000    program   0x000002
                   .cinit    romdata   0x000001    program   0x000004
                   .org_1       code   0x000004    program   0x000044
.config_2007_BUILD/DEFAULT/PRODUCTION/MAIN.O       code   0x002007    program   0x000002



                              Program Memory Usage 
                               Start         End      
                           ---------   ---------      
                            0x000000    0x000002      
                            0x000004    0x000025      
                            0x002007    0x002007      
            38 out of 1094 program addresses used, program memory utilization is 3%



                              Symbols - Sorted by Name
                     Name    Address   Location    Storage File                     
                ---------  ---------  ---------  --------- ---------                
                    DELAY   0x000013    program     static C:\school\CPEG228\LAB7\LAB7.X\MAIN.asm
                     L1MS   0x000015    program     static C:\school\CPEG228\LAB7\LAB7.X\MAIN.asm
                     L2MS   0x000017    program     static C:\school\CPEG228\LAB7\LAB7.X\MAIN.asm
                     L3MS   0x000019    program     static C:\school\CPEG228\LAB7\LAB7.X\MAIN.asm
                     MAIN   0x00000c    program     static C:\school\CPEG228\LAB7\LAB7.X\MAIN.asm
                  SETPORT   0x000007    program     static C:\school\CPEG228\LAB7\LAB7.X\MAIN.asm
                    SETUP   0x000005    program     static C:\school\CPEG228\LAB7\LAB7.X\MAIN.asm



                              Symbols - Sorted by Address
                     Name    Address   Location    Storage File                     
                ---------  ---------  ---------  --------- ---------                
                    SETUP   0x000005    program     static C:\school\CPEG228\LAB7\LAB7.X\MAIN.asm
                  SETPORT   0x000007    program     static C:\school\CPEG228\LAB7\LAB7.X\MAIN.asm
                     MAIN   0x00000c    program     static C:\school\CPEG228\LAB7\LAB7.X\MAIN.asm
                    DELAY   0x000013    program     static C:\school\CPEG228\LAB7\LAB7.X\MAIN.asm
                     L1MS   0x000015    program     static C:\school\CPEG228\LAB7\LAB7.X\MAIN.asm
                     L2MS   0x000017    program     static C:\school\CPEG228\LAB7\LAB7.X\MAIN.asm
                     L3MS   0x000019    program     static C:\school\CPEG228\LAB7\LAB7.X\MAIN.asm


