MPLINK 5.09, LINKER
Linker Map File - Created Tue Apr 07 10:25:23 2026

                                 Section Info
                  Section       Type    Address   Location Size(Bytes)
                ---------  ---------  ---------  ---------  ---------
                   .org_0       code   0x000000    program   0x000002
                   .cinit    romdata   0x000001    program   0x000004
                   .org_1       code   0x000004    program   0x000074
.config_2007_BUILD/DEFAULT/PRODUCTION/MAIN.O       code   0x002007    program   0x000002



                              Program Memory Usage 
                               Start         End      
                           ---------   ---------      
                            0x000000    0x000002      
                            0x000004    0x00003d      
                            0x002007    0x002007      
            62 out of 1094 program addresses used, program memory utilization is 5%



                              Symbols - Sorted by Name
                     Name    Address   Location    Storage File                     
                ---------  ---------  ---------  --------- ---------                
                    DELAY   0x000015    program     static C:\school\CPEG228\LAB6\LAB6.X\main.asm
                       L1   0x000016    program     static C:\school\CPEG228\LAB6\LAB6.X\main.asm
                       L2   0x000018    program     static C:\school\CPEG228\LAB6\LAB6.X\main.asm
                       L3   0x00001a    program     static C:\school\CPEG228\LAB6\LAB6.X\main.asm
                       L4   0x00001c    program     static C:\school\CPEG228\LAB6\LAB6.X\main.asm
                     MAIN   0x000025    program     static C:\school\CPEG228\LAB6\LAB6.X\main.asm
                  SETPORT   0x000005    program     static C:\school\CPEG228\LAB6\LAB6.X\main.asm
                    SETUP   0x000009    program     static C:\school\CPEG228\LAB6\LAB6.X\main.asm



                              Symbols - Sorted by Address
                     Name    Address   Location    Storage File                     
                ---------  ---------  ---------  --------- ---------                
                  SETPORT   0x000005    program     static C:\school\CPEG228\LAB6\LAB6.X\main.asm
                    SETUP   0x000009    program     static C:\school\CPEG228\LAB6\LAB6.X\main.asm
                    DELAY   0x000015    program     static C:\school\CPEG228\LAB6\LAB6.X\main.asm
                       L1   0x000016    program     static C:\school\CPEG228\LAB6\LAB6.X\main.asm
                       L2   0x000018    program     static C:\school\CPEG228\LAB6\LAB6.X\main.asm
                       L3   0x00001a    program     static C:\school\CPEG228\LAB6\LAB6.X\main.asm
                       L4   0x00001c    program     static C:\school\CPEG228\LAB6\LAB6.X\main.asm
                     MAIN   0x000025    program     static C:\school\CPEG228\LAB6\LAB6.X\main.asm


