MPLINK 5.09, LINKER
Linker Map File - Created Wed Apr 01 10:50:25 2026

                                 Section Info
                  Section       Type    Address   Location Size(Bytes)
                ---------  ---------  ---------  ---------  ---------
                   .org_0       code   0x000000    program   0x000002
                   .cinit    romdata   0x000001    program   0x000004
                   .org_1       code   0x000004    program   0x00006a
.config_2007_BUILD/DEFAULT/DEBUG/MAIN.O       code   0x002007    program   0x000002



                              Program Memory Usage 
                               Start         End      
                           ---------   ---------      
                            0x000000    0x000002      
                            0x000004    0x000038      
                            0x002007    0x002007      
            57 out of 1093 program addresses used, program memory utilization is 5%



                              Symbols - Sorted by Name
                     Name    Address   Location    Storage File                     
                ---------  ---------  ---------  --------- ---------                
                DELAY_1MS   0x000013    program     static C:\school\CPEG228\LAB5\LAB5.X\main.asm
                 DELAY_1S   0x000023    program     static C:\school\CPEG228\LAB5\LAB5.X\main.asm
             DELAY_TIME_S   0x000033    program     static C:\school\CPEG228\LAB5\LAB5.X\main.asm
                     L1MS   0x000015    program     static C:\school\CPEG228\LAB5\LAB5.X\main.asm
                      L1S   0x000025    program     static C:\school\CPEG228\LAB5\LAB5.X\main.asm
                     L2MS   0x000017    program     static C:\school\CPEG228\LAB5\LAB5.X\main.asm
                      L2S   0x000027    program     static C:\school\CPEG228\LAB5\LAB5.X\main.asm
                     L3MS   0x000019    program     static C:\school\CPEG228\LAB5\LAB5.X\main.asm
                      L3S   0x000029    program     static C:\school\CPEG228\LAB5\LAB5.X\main.asm
                     MAIN   0x00000c    program     static C:\school\CPEG228\LAB5\LAB5.X\main.asm
                  SETPORT   0x000007    program     static C:\school\CPEG228\LAB5\LAB5.X\main.asm
                    SETUP   0x000005    program     static C:\school\CPEG228\LAB5\LAB5.X\main.asm



                              Symbols - Sorted by Address
                     Name    Address   Location    Storage File                     
                ---------  ---------  ---------  --------- ---------                
                    SETUP   0x000005    program     static C:\school\CPEG228\LAB5\LAB5.X\main.asm
                  SETPORT   0x000007    program     static C:\school\CPEG228\LAB5\LAB5.X\main.asm
                     MAIN   0x00000c    program     static C:\school\CPEG228\LAB5\LAB5.X\main.asm
                DELAY_1MS   0x000013    program     static C:\school\CPEG228\LAB5\LAB5.X\main.asm
                     L1MS   0x000015    program     static C:\school\CPEG228\LAB5\LAB5.X\main.asm
                     L2MS   0x000017    program     static C:\school\CPEG228\LAB5\LAB5.X\main.asm
                     L3MS   0x000019    program     static C:\school\CPEG228\LAB5\LAB5.X\main.asm
                 DELAY_1S   0x000023    program     static C:\school\CPEG228\LAB5\LAB5.X\main.asm
                      L1S   0x000025    program     static C:\school\CPEG228\LAB5\LAB5.X\main.asm
                      L2S   0x000027    program     static C:\school\CPEG228\LAB5\LAB5.X\main.asm
                      L3S   0x000029    program     static C:\school\CPEG228\LAB5\LAB5.X\main.asm
             DELAY_TIME_S   0x000033    program     static C:\school\CPEG228\LAB5\LAB5.X\main.asm


